
> react-kavia@0.1.0 start
> cross-env EDIT_MODE=true webpack serve --config .ve/webpack.config.js --mode development

<i> [webpack-dev-server] Project is running at:
<i> [webpack-dev-server] Loopback: http://localhost:3000/, http://[::1]:3000/
<i> [webpack-dev-server] On Your Network (IPv4): http://172.17.0.2:3000/
<i> [webpack-dev-server] Content not from webpack is served from './public' directory
Injecting EditorRootWrapper import: ../.ve/EditorRootWrapper
asset bundle.js 1.39 MiB [emitted] (name: main)
asset index.html 1.98 KiB [emitted]
runtime modules 27.5 KiB 14 modules
modules by path ./node_modules/ 1.24 MiB 31 modules
modules by path ./src/ 10.3 KiB
  modules by path ./src/*.css 7.49 KiB 4 modules
  modules by path ./src/*.js 2.76 KiB
    ./src/index.js 530 bytes [built] [code generated]
    ./src/App.js 2.24 KiB [built] [code generated]
modules by path ./.ve/ 15.1 KiB
  modules by path ./.ve/*.js 10.6 KiB 2 modules
  modules by path ./.ve/*.css 2.93 KiB
    ./.ve/EditorOverlay.css 2.25 KiB [built] [code generated]
    ./node_modules/css-loader/dist/cjs.js!./.ve/EditorOverlay.css 697 bytes [built] [code generated]
  ./.ve/EditorOverlay.jsx 1.58 KiB [built] [code generated]
webpack 5.99.9 compiled successfully in 4676 ms
assets by status 1.98 KiB [cached] 1 asset
assets by path *.js 1.4 MiB
  asset bundle.js 1.39 MiB [emitted] (name: main)
  asset main.2cf38d7d3a020c15773f.hot-update.js 4.96 KiB [emitted] [immutable] [hmr] (name: main)
asset main.2cf38d7d3a020c15773f.hot-update.json 28 bytes [emitted] [immutable] [hmr]
Entrypoint main 1.4 MiB = bundle.js 1.39 MiB main.2cf38d7d3a020c15773f.hot-update.js 4.96 KiB
cached modules 1.26 MiB [cached] 41 modules
runtime modules 27.5 KiB 14 modules
./node_modules/css-loader/dist/cjs.js!./src/App.css 2.49 KiB [built] [code generated]
webpack 5.99.9 compiled successfully in 372 ms
assets by status 1.98 KiB [cached] 1 asset
assets by path *.js 1.4 MiB
  asset bundle.js 1.39 MiB [emitted] (name: main)
  asset main.db0382646d0f54d7e0e8.hot-update.js 7 KiB [emitted] [immutable] [hmr] (name: main)
asset main.db0382646d0f54d7e0e8.hot-update.json 28 bytes [emitted] [immutable] [hmr]
Entrypoint main 1.4 MiB = bundle.js 1.39 MiB main.db0382646d0f54d7e0e8.hot-update.js 7 KiB
cached modules 1.26 MiB [cached] 41 modules
runtime modules 27.5 KiB 14 modules
./node_modules/css-loader/dist/cjs.js!./src/App.css 4.43 KiB [built] [code generated]
webpack 5.99.9 compiled successfully in 122 ms
assets by status 1.98 KiB [cached] 1 asset
assets by path *.js 1.44 MiB
  asset bundle.js 1.42 MiB [emitted] (name: main)
  asset main.b8977ea45983f5124a65.hot-update.js 28.3 KiB [emitted] [immutable] [hmr] (name: main)
asset main.b8977ea45983f5124a65.hot-update.json 28 bytes [emitted] [immutable] [hmr]
Entrypoint main 1.44 MiB = bundle.js 1.42 MiB main.b8977ea45983f5124a65.hot-update.js 28.3 KiB
cached modules 1.26 MiB [cached] 41 modules
runtime modules 27.5 KiB 14 modules
javascript modules 17 KiB
  ./src/App.js 9.3 KiB [built] [code generated]
  ./src/GameBoard.js 935 bytes [built] [code generated]
  ./src/GameControls.js 3.06 KiB [built] [code generated]
  ./src/GameStatus.js 2.19 KiB [built] [code generated]
  ./src/MoveHistory.js 1.11 KiB [built] [code generated]
  ./src/Notification.js 439 bytes [built] [code generated]
webpack 5.99.9 compiled successfully in 1097 ms
